/home/valerio/2D-LiDAR-SLAM-MentorPi-Gazebo/install/mentorpi_simulation/lib/python3.10/site-packages/motors_state_gaz_bridge/motors_state_gaz_bridge.py
/home/valerio/2D-LiDAR-SLAM-MentorPi-Gazebo/install/mentorpi_simulation/lib/python3.10/site-packages/motors_state_gaz_bridge/__init__.py
/home/valerio/2D-LiDAR-SLAM-MentorPi-Gazebo/install/mentorpi_simulation/lib/python3.10/site-packages/mentorpi_simulation/__init__.py
/home/valerio/2D-LiDAR-SLAM-MentorPi-Gazebo/install/mentorpi_simulation/lib/python3.10/site-packages/joystick_control/joystick_control_node.py
/home/valerio/2D-LiDAR-SLAM-MentorPi-Gazebo/install/mentorpi_simulation/lib/python3.10/site-packages/joystick_control/__init__.py
/home/valerio/2D-LiDAR-SLAM-MentorPi-Gazebo/install/mentorpi_simulation/lib/python3.10/site-packages/joystick_control/joystick_control_node_old.py
/home/valerio/2D-LiDAR-SLAM-MentorPi-Gazebo/install/mentorpi_simulation/lib/python3.10/site-packages/ground_truth_tf_odom_broadcaster/ground_truth_tf_odom_broadcaster.py
/home/valerio/2D-LiDAR-SLAM-MentorPi-Gazebo/install/mentorpi_simulation/lib/python3.10/site-packages/ground_truth_tf_odom_broadcaster/__init__.py
/home/valerio/2D-LiDAR-SLAM-MentorPi-Gazebo/install/mentorpi_simulation/lib/python3.10/site-packages/odom_publisher/odom_publisher_node.py
/home/valerio/2D-LiDAR-SLAM-MentorPi-Gazebo/install/mentorpi_simulation/lib/python3.10/site-packages/odom_publisher/mecanum.py
/home/valerio/2D-LiDAR-SLAM-MentorPi-Gazebo/install/mentorpi_simulation/lib/python3.10/site-packages/odom_publisher/__init__.py
/home/valerio/2D-LiDAR-SLAM-MentorPi-Gazebo/install/mentorpi_simulation/lib/python3.10/site-packages/odom_publisher/differential.py
/home/valerio/2D-LiDAR-SLAM-MentorPi-Gazebo/install/mentorpi_simulation/lib/python3.10/site-packages/odom_publisher/odom_publisher_node_old.py
/home/valerio/2D-LiDAR-SLAM-MentorPi-Gazebo/install/mentorpi_simulation/lib/python3.10/site-packages/motors_state_gaz_bridge/__pycache__/motors_state_gaz_bridge.cpython-310.pyc
/home/valerio/2D-LiDAR-SLAM-MentorPi-Gazebo/install/mentorpi_simulation/lib/python3.10/site-packages/motors_state_gaz_bridge/__pycache__/__init__.cpython-310.pyc
/home/valerio/2D-LiDAR-SLAM-MentorPi-Gazebo/install/mentorpi_simulation/lib/python3.10/site-packages/mentorpi_simulation/__pycache__/__init__.cpython-310.pyc
/home/valerio/2D-LiDAR-SLAM-MentorPi-Gazebo/install/mentorpi_simulation/lib/python3.10/site-packages/joystick_control/__pycache__/joystick_control_node.cpython-310.pyc
/home/valerio/2D-LiDAR-SLAM-MentorPi-Gazebo/install/mentorpi_simulation/lib/python3.10/site-packages/joystick_control/__pycache__/__init__.cpython-310.pyc
/home/valerio/2D-LiDAR-SLAM-MentorPi-Gazebo/install/mentorpi_simulation/lib/python3.10/site-packages/joystick_control/__pycache__/joystick_control_node_old.cpython-310.pyc
/home/valerio/2D-LiDAR-SLAM-MentorPi-Gazebo/install/mentorpi_simulation/lib/python3.10/site-packages/ground_truth_tf_odom_broadcaster/__pycache__/ground_truth_tf_odom_broadcaster.cpython-310.pyc
/home/valerio/2D-LiDAR-SLAM-MentorPi-Gazebo/install/mentorpi_simulation/lib/python3.10/site-packages/ground_truth_tf_odom_broadcaster/__pycache__/__init__.cpython-310.pyc
/home/valerio/2D-LiDAR-SLAM-MentorPi-Gazebo/install/mentorpi_simulation/lib/python3.10/site-packages/odom_publisher/__pycache__/odom_publisher_node.cpython-310.pyc
/home/valerio/2D-LiDAR-SLAM-MentorPi-Gazebo/install/mentorpi_simulation/lib/python3.10/site-packages/odom_publisher/__pycache__/mecanum.cpython-310.pyc
/home/valerio/2D-LiDAR-SLAM-MentorPi-Gazebo/install/mentorpi_simulation/lib/python3.10/site-packages/odom_publisher/__pycache__/__init__.cpython-310.pyc
/home/valerio/2D-LiDAR-SLAM-MentorPi-Gazebo/install/mentorpi_simulation/lib/python3.10/site-packages/odom_publisher/__pycache__/differential.cpython-310.pyc
/home/valerio/2D-LiDAR-SLAM-MentorPi-Gazebo/install/mentorpi_simulation/lib/python3.10/site-packages/odom_publisher/__pycache__/odom_publisher_node_old.cpython-310.pyc
/home/valerio/2D-LiDAR-SLAM-MentorPi-Gazebo/install/mentorpi_simulation/share/ament_index/resource_index/packages/mentorpi_simulation
/home/valerio/2D-LiDAR-SLAM-MentorPi-Gazebo/install/mentorpi_simulation/share/mentorpi_simulation/package.xml
/home/valerio/2D-LiDAR-SLAM-MentorPi-Gazebo/install/mentorpi_simulation/share/mentorpi_simulation/launch/display.launch.py
/home/valerio/2D-LiDAR-SLAM-MentorPi-Gazebo/install/mentorpi_simulation/share/mentorpi_simulation/launch/joystick.launch.py
/home/valerio/2D-LiDAR-SLAM-MentorPi-Gazebo/install/mentorpi_simulation/share/mentorpi_simulation/launch/odom.launch.py
/home/valerio/2D-LiDAR-SLAM-MentorPi-Gazebo/install/mentorpi_simulation/share/mentorpi_simulation/urdf/mecanum_white.xacro
/home/valerio/2D-LiDAR-SLAM-MentorPi-Gazebo/install/mentorpi_simulation/share/mentorpi_simulation/urdf/mentorpi.urdf.xacro
/home/valerio/2D-LiDAR-SLAM-MentorPi-Gazebo/install/mentorpi_simulation/share/mentorpi_simulation/urdf/ros2_control.xacro
/home/valerio/2D-LiDAR-SLAM-MentorPi-Gazebo/install/mentorpi_simulation/share/mentorpi_simulation/urdf/mecanum.xacro
/home/valerio/2D-LiDAR-SLAM-MentorPi-Gazebo/install/mentorpi_simulation/share/mentorpi_simulation/urdf/inertial_matrix.xacro
/home/valerio/2D-LiDAR-SLAM-MentorPi-Gazebo/install/mentorpi_simulation/share/mentorpi_simulation/meshes/acker/base_link.STL
/home/valerio/2D-LiDAR-SLAM-MentorPi-Gazebo/install/mentorpi_simulation/share/mentorpi_simulation/meshes/acker/imu_link.stl
/home/valerio/2D-LiDAR-SLAM-MentorPi-Gazebo/install/mentorpi_simulation/share/mentorpi_simulation/meshes/acker/lidar_Link.STL
/home/valerio/2D-LiDAR-SLAM-MentorPi-Gazebo/install/mentorpi_simulation/share/mentorpi_simulation/meshes/acker/wheel_rf_Link.STL
/home/valerio/2D-LiDAR-SLAM-MentorPi-Gazebo/install/mentorpi_simulation/share/mentorpi_simulation/meshes/acker/wheel_lf_Link.STL
/home/valerio/2D-LiDAR-SLAM-MentorPi-Gazebo/install/mentorpi_simulation/share/mentorpi_simulation/meshes/acker/cam_Link.STL
/home/valerio/2D-LiDAR-SLAM-MentorPi-Gazebo/install/mentorpi_simulation/share/mentorpi_simulation/meshes/acker/wheel_rb_Link.STL
/home/valerio/2D-LiDAR-SLAM-MentorPi-Gazebo/install/mentorpi_simulation/share/mentorpi_simulation/meshes/acker/wheel_lb_Link.STL
/home/valerio/2D-LiDAR-SLAM-MentorPi-Gazebo/install/mentorpi_simulation/share/mentorpi_simulation/meshes/common/imu_link.stl
/home/valerio/2D-LiDAR-SLAM-MentorPi-Gazebo/install/mentorpi_simulation/share/mentorpi_simulation/meshes/common/lidar_link.stl
/home/valerio/2D-LiDAR-SLAM-MentorPi-Gazebo/install/mentorpi_simulation/share/mentorpi_simulation/meshes/common/back_shell_black_link.stl
/home/valerio/2D-LiDAR-SLAM-MentorPi-Gazebo/install/mentorpi_simulation/share/mentorpi_simulation/meshes/common/back_shell_green_link_collision.stl
/home/valerio/2D-LiDAR-SLAM-MentorPi-Gazebo/install/mentorpi_simulation/share/mentorpi_simulation/meshes/common/back_shell_green_link.stl
/home/valerio/2D-LiDAR-SLAM-MentorPi-Gazebo/install/mentorpi_simulation/share/mentorpi_simulation/meshes/common/back_shell_black_link_collision.stl
/home/valerio/2D-LiDAR-SLAM-MentorPi-Gazebo/install/mentorpi_simulation/share/mentorpi_simulation/meshes/mecanum/base_link.STL
/home/valerio/2D-LiDAR-SLAM-MentorPi-Gazebo/install/mentorpi_simulation/share/mentorpi_simulation/meshes/mecanum/lidar_Link.STL
/home/valerio/2D-LiDAR-SLAM-MentorPi-Gazebo/install/mentorpi_simulation/share/mentorpi_simulation/meshes/mecanum/wheel_rf_Link.STL
/home/valerio/2D-LiDAR-SLAM-MentorPi-Gazebo/install/mentorpi_simulation/share/mentorpi_simulation/meshes/mecanum/wheel_lf_Link.STL
/home/valerio/2D-LiDAR-SLAM-MentorPi-Gazebo/install/mentorpi_simulation/share/mentorpi_simulation/meshes/mecanum/cam_Link.STL
/home/valerio/2D-LiDAR-SLAM-MentorPi-Gazebo/install/mentorpi_simulation/share/mentorpi_simulation/meshes/mecanum/wheel_rb_Link.STL
/home/valerio/2D-LiDAR-SLAM-MentorPi-Gazebo/install/mentorpi_simulation/share/mentorpi_simulation/meshes/mecanum/wheel_lb_Link.STL
/home/valerio/2D-LiDAR-SLAM-MentorPi-Gazebo/install/mentorpi_simulation/share/mentorpi_simulation/rviz/config.rviz
/home/valerio/2D-LiDAR-SLAM-MentorPi-Gazebo/install/mentorpi_simulation/share/mentorpi_simulation/world/empty_with_plugins_obstacles.sdf
/home/valerio/2D-LiDAR-SLAM-MentorPi-Gazebo/install/mentorpi_simulation/share/mentorpi_simulation/world/empty_with_plugins.sdf
/home/valerio/2D-LiDAR-SLAM-MentorPi-Gazebo/install/mentorpi_simulation/share/mentorpi_simulation/config/nav2_params.yaml
/home/valerio/2D-LiDAR-SLAM-MentorPi-Gazebo/install/mentorpi_simulation/share/mentorpi_simulation/config/ekf.yaml
/home/valerio/2D-LiDAR-SLAM-MentorPi-Gazebo/install/mentorpi_simulation/share/mentorpi_simulation/config/controller.yaml
/home/valerio/2D-LiDAR-SLAM-MentorPi-Gazebo/install/mentorpi_simulation/share/mentorpi_simulation/config/slam_toolbox.yaml
/home/valerio/2D-LiDAR-SLAM-MentorPi-Gazebo/install/mentorpi_simulation/share/mentorpi_simulation/config/slam_toolbox_no_scan_matching.yaml
/home/valerio/2D-LiDAR-SLAM-MentorPi-Gazebo/install/mentorpi_simulation/lib/python3.10/site-packages/mentorpi_simulation-0.0.0-py3.10.egg-info/PKG-INFO
/home/valerio/2D-LiDAR-SLAM-MentorPi-Gazebo/install/mentorpi_simulation/lib/python3.10/site-packages/mentorpi_simulation-0.0.0-py3.10.egg-info/SOURCES.txt
/home/valerio/2D-LiDAR-SLAM-MentorPi-Gazebo/install/mentorpi_simulation/lib/python3.10/site-packages/mentorpi_simulation-0.0.0-py3.10.egg-info/dependency_links.txt
/home/valerio/2D-LiDAR-SLAM-MentorPi-Gazebo/install/mentorpi_simulation/lib/python3.10/site-packages/mentorpi_simulation-0.0.0-py3.10.egg-info/entry_points.txt
/home/valerio/2D-LiDAR-SLAM-MentorPi-Gazebo/install/mentorpi_simulation/lib/python3.10/site-packages/mentorpi_simulation-0.0.0-py3.10.egg-info/top_level.txt
/home/valerio/2D-LiDAR-SLAM-MentorPi-Gazebo/install/mentorpi_simulation/lib/python3.10/site-packages/mentorpi_simulation-0.0.0-py3.10.egg-info/requires.txt
/home/valerio/2D-LiDAR-SLAM-MentorPi-Gazebo/install/mentorpi_simulation/lib/python3.10/site-packages/mentorpi_simulation-0.0.0-py3.10.egg-info/zip-safe
/home/valerio/2D-LiDAR-SLAM-MentorPi-Gazebo/install/mentorpi_simulation/lib/mentorpi_simulation/ground_truth_tf_odom_broadcaster
/home/valerio/2D-LiDAR-SLAM-MentorPi-Gazebo/install/mentorpi_simulation/lib/mentorpi_simulation/joystick_control
/home/valerio/2D-LiDAR-SLAM-MentorPi-Gazebo/install/mentorpi_simulation/lib/mentorpi_simulation/motors_state_gaz_bridge
/home/valerio/2D-LiDAR-SLAM-MentorPi-Gazebo/install/mentorpi_simulation/lib/mentorpi_simulation/odom_publisher
