/home/valerio/2D-LiDAR-SLAM-MentorPi-Gazebo/install/ros_robot_controller/lib/python3.10/site-packages/ros_robot_controller/ros_robot_controller_node.py
/home/valerio/2D-LiDAR-SLAM-MentorPi-Gazebo/install/ros_robot_controller/lib/python3.10/site-packages/ros_robot_controller/ros_robot_controller_gen_commands.py
/home/valerio/2D-LiDAR-SLAM-MentorPi-Gazebo/install/ros_robot_controller/lib/python3.10/site-packages/ros_robot_controller/ros_robot_controller_sdk.py
/home/valerio/2D-LiDAR-SLAM-MentorPi-Gazebo/install/ros_robot_controller/lib/python3.10/site-packages/ros_robot_controller/ros_robot_controller_node_old.py
/home/valerio/2D-LiDAR-SLAM-MentorPi-Gazebo/install/ros_robot_controller/lib/python3.10/site-packages/ros_robot_controller/__init__.py
/home/valerio/2D-LiDAR-SLAM-MentorPi-Gazebo/install/ros_robot_controller/lib/python3.10/site-packages/ros_robot_controller/__pycache__/ros_robot_controller_node.cpython-310.pyc
/home/valerio/2D-LiDAR-SLAM-MentorPi-Gazebo/install/ros_robot_controller/lib/python3.10/site-packages/ros_robot_controller/__pycache__/ros_robot_controller_gen_commands.cpython-310.pyc
/home/valerio/2D-LiDAR-SLAM-MentorPi-Gazebo/install/ros_robot_controller/lib/python3.10/site-packages/ros_robot_controller/__pycache__/ros_robot_controller_sdk.cpython-310.pyc
/home/valerio/2D-LiDAR-SLAM-MentorPi-Gazebo/install/ros_robot_controller/lib/python3.10/site-packages/ros_robot_controller/__pycache__/ros_robot_controller_node_old.cpython-310.pyc
/home/valerio/2D-LiDAR-SLAM-MentorPi-Gazebo/install/ros_robot_controller/lib/python3.10/site-packages/ros_robot_controller/__pycache__/__init__.cpython-310.pyc
/home/valerio/2D-LiDAR-SLAM-MentorPi-Gazebo/install/ros_robot_controller/share/ament_index/resource_index/packages/ros_robot_controller
/home/valerio/2D-LiDAR-SLAM-MentorPi-Gazebo/install/ros_robot_controller/share/ros_robot_controller/package.xml
/home/valerio/2D-LiDAR-SLAM-MentorPi-Gazebo/install/ros_robot_controller/share/ros_robot_controller/launch/ros_robot_controller.launch.py
/home/valerio/2D-LiDAR-SLAM-MentorPi-Gazebo/install/ros_robot_controller/lib/python3.10/site-packages/ros_robot_controller-0.0.0-py3.10.egg-info/PKG-INFO
/home/valerio/2D-LiDAR-SLAM-MentorPi-Gazebo/install/ros_robot_controller/lib/python3.10/site-packages/ros_robot_controller-0.0.0-py3.10.egg-info/SOURCES.txt
/home/valerio/2D-LiDAR-SLAM-MentorPi-Gazebo/install/ros_robot_controller/lib/python3.10/site-packages/ros_robot_controller-0.0.0-py3.10.egg-info/dependency_links.txt
/home/valerio/2D-LiDAR-SLAM-MentorPi-Gazebo/install/ros_robot_controller/lib/python3.10/site-packages/ros_robot_controller-0.0.0-py3.10.egg-info/entry_points.txt
/home/valerio/2D-LiDAR-SLAM-MentorPi-Gazebo/install/ros_robot_controller/lib/python3.10/site-packages/ros_robot_controller-0.0.0-py3.10.egg-info/top_level.txt
/home/valerio/2D-LiDAR-SLAM-MentorPi-Gazebo/install/ros_robot_controller/lib/python3.10/site-packages/ros_robot_controller-0.0.0-py3.10.egg-info/requires.txt
/home/valerio/2D-LiDAR-SLAM-MentorPi-Gazebo/install/ros_robot_controller/lib/python3.10/site-packages/ros_robot_controller-0.0.0-py3.10.egg-info/zip-safe
/home/valerio/2D-LiDAR-SLAM-MentorPi-Gazebo/install/ros_robot_controller/lib/ros_robot_controller/ros_robot_controller
/home/valerio/2D-LiDAR-SLAM-MentorPi-Gazebo/install/ros_robot_controller/lib/ros_robot_controller/ros_robot_controller_gen_commands
